--------------------------------------------------
-----Marvellous Platform Surveillance System------
Log Created at : Sun Mar 29 22:02:00 2026
--------------------------------------------------

---------------System Report----------------
CPU usage : 40 %
--------------------------------------------------
Ram usage : 56 %
--------------------------------------------------

Disk Usage Report
--------------------------------------------------
C:\ -> 44 % used
D:\ -> 29 % used
--------------------------------------------------

Network Usage Report
Sent : 14.25 MB
Recv : 7.75 MB
--------------------------------------------------

PID:1202
Name:python.exe
Username:Tanaya
Status:running
Start time :2026-03-29 21:52:00
CPU:% : 4.0
Memory:% : 2.0
--------------------------------------------------
