--------------------------------------------------
-----Marvellous Platform Surveillance System------
Log Created at : Sun Mar 29 22:03:00 2026
--------------------------------------------------

---------------System Report----------------
CPU usage : 45 %
--------------------------------------------------
Ram usage : 59 %
--------------------------------------------------

Disk Usage Report
--------------------------------------------------
C:\ -> 46 % used
D:\ -> 31 % used
--------------------------------------------------

Network Usage Report
Sent : 16.25 MB
Recv : 8.75 MB
--------------------------------------------------

PID:1203
Name:python.exe
Username:Tanaya
Status:running
Start time :2026-03-29 21:53:00
CPU:% : 5.0
Memory:% : 2.5
--------------------------------------------------
