--------------------------------------------------
-----Marvellous Platform Surveillance System------
Log Created at : Sun Mar 29 22:01:00 2026
--------------------------------------------------

---------------System Report----------------
CPU usage : 35 %
--------------------------------------------------
Ram usage : 53 %
--------------------------------------------------

Disk Usage Report
--------------------------------------------------
C:\ -> 42 % used
D:\ -> 27 % used
--------------------------------------------------

Network Usage Report
Sent : 12.25 MB
Recv : 6.75 MB
--------------------------------------------------

PID:1201
Name:python.exe
Username:Tanaya
Status:running
Start time :2026-03-29 21:51:00
CPU:% : 3.0
Memory:% : 1.5
--------------------------------------------------
